==24183== Memcheck, a memory error detector
==24183== Copyright (C) 2002-2015, and GNU GPL'd, by Julian Seward et al.
==24183== Using Valgrind-3.11.0 and LibVEX; rerun with -h for copyright info
==24183== Command: ./42sh
==24183== 
==24183== 
==24183== HEAP SUMMARY:
==24183==     in use at exit: 15,169 bytes in 16 blocks
==24183==   total heap usage: 312 allocs, 296 frees, 38,393 bytes allocated
==24183== 
==24183== LEAK SUMMARY:
==24183==    definitely lost: 0 bytes in 0 blocks
==24183==    indirectly lost: 0 bytes in 0 blocks
==24183==      possibly lost: 0 bytes in 0 blocks
==24183==    still reachable: 15,169 bytes in 16 blocks
==24183==         suppressed: 0 bytes in 0 blocks
==24183== Rerun with --leak-check=full to see details of leaked memory
==24183== 
==24183== For counts of detected and suppressed errors, rerun with: -v
==24183== ERROR SUMMARY: 0 errors from 0 contexts (suppressed: 0 from 0)
==24186== Memcheck, a memory error detector
==24186== Copyright (C) 2002-2015, and GNU GPL'd, by Julian Seward et al.
==24186== Using Valgrind-3.11.0 and LibVEX; rerun with -h for copyright info
==24186== Command: ./42sh
==24186== 
==24186== 
==24186== HEAP SUMMARY:
==24186==     in use at exit: 15,171 bytes in 18 blocks
==24186==   total heap usage: 314 allocs, 296 frees, 38,463 bytes allocated
==24186== 
==24186== LEAK SUMMARY:
==24186==    definitely lost: 0 bytes in 0 blocks
==24186==    indirectly lost: 0 bytes in 0 blocks
==24186==      possibly lost: 0 bytes in 0 blocks
==24186==    still reachable: 15,171 bytes in 18 blocks
==24186==         suppressed: 0 bytes in 0 blocks
==24186== Rerun with --leak-check=full to see details of leaked memory
==24186== 
==24186== For counts of detected and suppressed errors, rerun with: -v
==24186== ERROR SUMMARY: 0 errors from 0 contexts (suppressed: 0 from 0)
==24209== Memcheck, a memory error detector
==24209== Copyright (C) 2002-2015, and GNU GPL'd, by Julian Seward et al.
==24209== Using Valgrind-3.11.0 and LibVEX; rerun with -h for copyright info
==24209== Command: ./42sh
==24209== 
==24209== 
==24209== HEAP SUMMARY:
==24209==     in use at exit: 15,171 bytes in 18 blocks
==24209==   total heap usage: 314 allocs, 296 frees, 38,463 bytes allocated
==24209== 
==24209== LEAK SUMMARY:
==24209==    definitely lost: 0 bytes in 0 blocks
==24209==    indirectly lost: 0 bytes in 0 blocks
==24209==      possibly lost: 0 bytes in 0 blocks
==24209==    still reachable: 15,171 bytes in 18 blocks
==24209==         suppressed: 0 bytes in 0 blocks
==24209== Rerun with --leak-check=full to see details of leaked memory
==24209== 
==24209== For counts of detected and suppressed errors, rerun with: -v
==24209== ERROR SUMMARY: 0 errors from 0 contexts (suppressed: 0 from 0)
